[INFO] Scanning for projects...
[INFO] 
[INFO] ----------------------------< com.SE:ITHub >----------------------------
[INFO] Building IT hub for a client 0.0.1-SNAPSHOT
[INFO]   from pom.xml
[INFO] --------------------------------[ jar ]---------------------------------
[INFO] 
[INFO] --- resources:3.3.1:resources (default-resources) @ ITHub ---
[INFO] Copying 2 resources from src\main\resources to target\classes
[INFO] Copying 3 resources from src\main\resources to target\classes
[INFO] 
[INFO] --- compiler:3.14.1:compile (default-compile) @ ITHub ---
[INFO] Nothing to compile - all classes are up to date.
[INFO] 
[INFO] --- resources:3.3.1:testResources (default-testResources) @ ITHub ---
[INFO] Copying 1 resource from src\test\resources to target\test-classes
[INFO] 
[INFO] --- compiler:3.14.1:testCompile (default-testCompile) @ ITHub ---
[INFO] Recompiling the module because of changed source code.
[INFO] Compiling 7 source files with javac [debug parameters release 21] to target\test-classes
[INFO] -------------------------------------------------------------
[ERROR] COMPILATION ERROR : 
[INFO] -------------------------------------------------------------
[ERROR] /C:/Users/navee/OneDrive/Desktop/Deployments/J-Neon-IT-Hub-Backend/src/test/java/com/SE/ITHub/repository/PortfolioItemRepositoryTest.java:[7,60] package org.springframework.boot.data.jpa.test.autoconfigure does not exist
[ERROR] /C:/Users/navee/OneDrive/Desktop/Deployments/J-Neon-IT-Hub-Backend/src/test/java/com/SE/ITHub/repository/PortfolioItemRepositoryTest.java:[8,55] package org.springframework.boot.jpa.test.autoconfigure does not exist
[ERROR] /C:/Users/navee/OneDrive/Desktop/Deployments/J-Neon-IT-Hub-Backend/src/test/java/com/SE/ITHub/repository/PortfolioItemRepositoryTest.java:[18,2] cannot find symbol
  symbol: class DataJpaTest
[ERROR] /C:/Users/navee/OneDrive/Desktop/Deployments/J-Neon-IT-Hub-Backend/src/test/java/com/SE/ITHub/repository/PortfolioItemRepositoryTest.java:[23,13] cannot find symbol
  symbol:   class TestEntityManager
  location: class com.SE.ITHub.repository.PortfolioItemRepositoryTest
[INFO] 4 errors 
[INFO] -------------------------------------------------------------
[INFO] ------------------------------------------------------------------------
[INFO] BUILD FAILURE
[INFO] ------------------------------------------------------------------------
[INFO] Total time:  2.531 s
[INFO] Finished at: 2026-03-23T11:02:28+05:30
[INFO] ------------------------------------------------------------------------
[ERROR] Failed to execute goal org.apache.maven.plugins:maven-compiler-plugin:3.14.1:testCompile (default-testCompile) on project ITHub: Compilation failure: Compilation failure: 
[ERROR] /C:/Users/navee/OneDrive/Desktop/Deployments/J-Neon-IT-Hub-Backend/src/test/java/com/SE/ITHub/repository/PortfolioItemRepositoryTest.java:[7,60] package org.springframework.boot.data.jpa.test.autoconfigure does not exist
[ERROR] /C:/Users/navee/OneDrive/Desktop/Deployments/J-Neon-IT-Hub-Backend/src/test/java/com/SE/ITHub/repository/PortfolioItemRepositoryTest.java:[8,55] package org.springframework.boot.jpa.test.autoconfigure does not exist
[ERROR] /C:/Users/navee/OneDrive/Desktop/Deployments/J-Neon-IT-Hub-Backend/src/test/java/com/SE/ITHub/repository/PortfolioItemRepositoryTest.java:[18,2] cannot find symbol
[ERROR]   symbol: class DataJpaTest
[ERROR] /C:/Users/navee/OneDrive/Desktop/Deployments/J-Neon-IT-Hub-Backend/src/test/java/com/SE/ITHub/repository/PortfolioItemRepositoryTest.java:[23,13] cannot find symbol
[ERROR]   symbol:   class TestEntityManager
[ERROR]   location: class com.SE.ITHub.repository.PortfolioItemRepositoryTest
[ERROR] -> [Help 1]
[ERROR] 
[ERROR] To see the full stack trace of the errors, re-run Maven with the -e switch.
[ERROR] Re-run Maven using the -X switch to enable full debug logging.
[ERROR] 
[ERROR] For more information about the errors and possible solutions, please read the following articles:
[ERROR] [Help 1] http://cwiki.apache.org/confluence/display/MAVEN/MojoFailureException
